// Jest Snapshot v1, https://goo.gl/fbAQLP

exports[`<Card /> renders the UI as expected 1`] = `
<div
  className="Card"
>
  <h3>
    first card
  </h3>
  <p>
    lorem ipsum
  </p>
</div>
`;
