// Jest Snapshot v1, https://goo.gl/fbAQLP

exports[`<List /> renders the UI as expected 1`] = `
<section
  className="List"
>
  <header
    className="List-header"
  >
    <h2>
      example header
    </h2>
  </header>
  <div
    className="List-cards"
  >
    <div
      className="Card"
    >
      <h3>
        Card Title
      </h3>
      <p>
        Card Content
      </p>
    </div>
  </div>
</section>
`;
